Java HotSpot(TM) 64-Bit Server VM (25.101-b13) for bsd-amd64 JRE (1.8.0_101-b13), built on Jun 22 2016 02:42:15 by "java_re" with gcc 4.2.1 (Based on Apple Inc. build 5658) (LLVM build 2336.11.00)
Memory: 4k page, physical 8388608k(734616k free)

/proc/meminfo:

CommandLine flags: -XX:+DisableExplicitGC -XX:InitialHeapSize=1073741824 -XX:InitiatingHeapOccupancyPercent=35 -XX:+ManagementServer -XX:MaxGCPauseMillis=20 -XX:MaxHeapSize=1073741824 -XX:+PrintGC -XX:+PrintGCDateStamps -XX:+PrintGCDetails -XX:+PrintGCTimeStamps -XX:+UseCompressedClassPointers -XX:+UseCompressedOops -XX:+UseG1GC 
2017-01-21T21:19:01.643+0500: 13.216: [GC pause (G1 Evacuation Pause) (young), 0.0153937 secs]
   [Parallel Time: 8.4 ms, GC Workers: 4]
      [GC Worker Start (ms): Min: 13216.1, Avg: 13216.1, Max: 13216.2, Diff: 0.0]
      [Ext Root Scanning (ms): Min: 0.7, Avg: 1.4, Max: 2.2, Diff: 1.6, Sum: 5.7]
      [Update RS (ms): Min: 0.0, Avg: 0.0, Max: 0.0, Diff: 0.0, Sum: 0.0]
         [Processed Buffers: Min: 0, Avg: 0.0, Max: 0, Diff: 0, Sum: 0]
      [Scan RS (ms): Min: 0.0, Avg: 0.0, Max: 0.0, Diff: 0.0, Sum: 0.0]
      [Code Root Scanning (ms): Min: 0.0, Avg: 0.4, Max: 1.0, Diff: 1.0, Sum: 1.7]
      [Object Copy (ms): Min: 6.1, Avg: 6.4, Max: 6.8, Diff: 0.7, Sum: 25.7]
      [Termination (ms): Min: 0.0, Avg: 0.0, Max: 0.0, Diff: 0.0, Sum: 0.0]
         [Termination Attempts: Min: 1, Avg: 6.2, Max: 11, Diff: 10, Sum: 25]
      [GC Worker Other (ms): Min: 0.0, Avg: 0.0, Max: 0.0, Diff: 0.0, Sum: 0.1]
      [GC Worker Total (ms): Min: 8.3, Avg: 8.3, Max: 8.3, Diff: 0.0, Sum: 33.3]
      [GC Worker End (ms): Min: 13224.5, Avg: 13224.5, Max: 13224.5, Diff: 0.0]
   [Code Root Fixup: 0.2 ms]
   [Code Root Purge: 0.0 ms]
   [Clear CT: 0.1 ms]
   [Other: 6.7 ms]
      [Choose CSet: 0.0 ms]
      [Ref Proc: 6.3 ms]
      [Ref Enq: 0.0 ms]
      [Redirty Cards: 0.1 ms]
      [Humongous Register: 0.0 ms]
      [Humongous Reclaim: 0.0 ms]
      [Free CSet: 0.1 ms]
   [Eden: 51.0M(51.0M)->0.0B(44.0M) Survivors: 0.0B->7168.0K Heap: 51.0M(1024.0M)->8003.0K(1024.0M)]
 [Times: user=0.03 sys=0.00, real=0.01 secs] 
2017-01-21T21:19:03.133+0500: 14.706: [GC pause (G1 Evacuation Pause) (young), 0.0089023 secs]
   [Parallel Time: 7.1 ms, GC Workers: 4]
      [GC Worker Start (ms): Min: 14706.0, Avg: 14706.0, Max: 14706.0, Diff: 0.1]
      [Ext Root Scanning (ms): Min: 1.1, Avg: 1.4, Max: 2.2, Diff: 1.0, Sum: 5.8]
      [Update RS (ms): Min: 0.0, Avg: 0.1, Max: 0.3, Diff: 0.3, Sum: 0.3]
         [Processed Buffers: Min: 0, Avg: 0.2, Max: 1, Diff: 1, Sum: 1]
      [Scan RS (ms): Min: 0.0, Avg: 0.0, Max: 0.0, Diff: 0.0, Sum: 0.1]
      [Code Root Scanning (ms): Min: 0.0, Avg: 0.6, Max: 2.1, Diff: 2.1, Sum: 2.4]
      [Object Copy (ms): Min: 3.5, Avg: 4.9, Max: 5.7, Diff: 2.2, Sum: 19.6]
      [Termination (ms): Min: 0.0, Avg: 0.0, Max: 0.0, Diff: 0.0, Sum: 0.0]
         [Termination Attempts: Min: 1, Avg: 5.8, Max: 9, Diff: 8, Sum: 23]
      [GC Worker Other (ms): Min: 0.0, Avg: 0.0, Max: 0.0, Diff: 0.0, Sum: 0.1]
      [GC Worker Total (ms): Min: 7.0, Avg: 7.1, Max: 7.1, Diff: 0.1, Sum: 28.2]
      [GC Worker End (ms): Min: 14713.1, Avg: 14713.1, Max: 14713.1, Diff: 0.0]
   [Code Root Fixup: 0.3 ms]
   [Code Root Purge: 0.0 ms]
   [Clear CT: 0.1 ms]
   [Other: 1.3 ms]
      [Choose CSet: 0.0 ms]
      [Ref Proc: 0.9 ms]
      [Ref Enq: 0.0 ms]
      [Redirty Cards: 0.1 ms]
      [Humongous Register: 0.0 ms]
      [Humongous Reclaim: 0.0 ms]
      [Free CSet: 0.1 ms]
   [Eden: 44.0M(44.0M)->0.0B(44.0M) Survivors: 7168.0K->7168.0K Heap: 179.8M(1024.0M)->136.0M(1024.0M)]
 [Times: user=0.03 sys=0.00, real=0.01 secs] 
2017-01-21T21:19:18.769+0500: 30.341: [GC pause (Metadata GC Threshold) (young) (initial-mark), 0.0092801 secs]
   [Parallel Time: 7.0 ms, GC Workers: 4]
      [GC Worker Start (ms): Min: 30340.8, Avg: 30341.1, Max: 30342.2, Diff: 1.4]
      [Ext Root Scanning (ms): Min: 0.3, Avg: 1.4, Max: 1.9, Diff: 1.5, Sum: 5.6]
      [Update RS (ms): Min: 0.0, Avg: 0.0, Max: 0.1, Diff: 0.1, Sum: 0.2]
         [Processed Buffers: Min: 0, Avg: 0.5, Max: 1, Diff: 1, Sum: 2]
      [Scan RS (ms): Min: 0.0, Avg: 0.0, Max: 0.0, Diff: 0.0, Sum: 0.0]
      [Code Root Scanning (ms): Min: 0.1, Avg: 0.9, Max: 1.7, Diff: 1.6, Sum: 3.5]
      [Object Copy (ms): Min: 3.5, Avg: 4.3, Max: 5.0, Diff: 1.5, Sum: 17.0]
      [Termination (ms): Min: 0.0, Avg: 0.0, Max: 0.0, Diff: 0.0, Sum: 0.0]
         [Termination Attempts: Min: 1, Avg: 1.0, Max: 1, Diff: 0, Sum: 4]
      [GC Worker Other (ms): Min: 0.0, Avg: 0.0, Max: 0.0, Diff: 0.0, Sum: 0.1]
      [GC Worker Total (ms): Min: 5.6, Avg: 6.6, Max: 7.0, Diff: 1.4, Sum: 26.4]
      [GC Worker End (ms): Min: 30347.7, Avg: 30347.7, Max: 30347.7, Diff: 0.0]
   [Code Root Fixup: 0.4 ms]
   [Code Root Purge: 0.0 ms]
   [Clear CT: 0.1 ms]
   [Other: 1.7 ms]
      [Choose CSet: 0.0 ms]
      [Ref Proc: 1.2 ms]
      [Ref Enq: 0.0 ms]
      [Redirty Cards: 0.1 ms]
      [Humongous Register: 0.0 ms]
      [Humongous Reclaim: 0.0 ms]
      [Free CSet: 0.2 ms]
   [Eden: 40.0M(44.0M)->0.0B(44.0M) Survivors: 7168.0K->7168.0K Heap: 175.9M(1024.0M)->136.6M(1024.0M)]
 [Times: user=0.03 sys=0.00, real=0.01 secs] 
2017-01-21T21:19:18.778+0500: 30.350: [GC concurrent-root-region-scan-start]
2017-01-21T21:19:18.784+0500: 30.356: [GC concurrent-root-region-scan-end, 0.0060086 secs]
2017-01-21T21:19:18.784+0500: 30.356: [GC concurrent-mark-start]
2017-01-21T21:19:18.784+0500: 30.356: [GC concurrent-mark-end, 0.0003375 secs]
2017-01-21T21:19:18.784+0500: 30.357: [GC remark 2017-01-21T21:19:18.785+0500: 30.357: [Finalize Marking, 0.0002740 secs] 2017-01-21T21:19:18.785+0500: 30.357: [GC ref-proc, 0.0000507 secs] 2017-01-21T21:19:18.785+0500: 30.357: [Unloading, 0.0029177 secs], 0.0047374 secs]
 [Times: user=0.01 sys=0.00, real=0.00 secs] 
2017-01-21T21:19:18.789+0500: 30.362: [GC cleanup 136M->136M(1024M), 0.0007926 secs]
 [Times: user=0.00 sys=0.01, real=0.01 secs] 
2017-01-21T21:29:20.317+0500: 631.871: [GC pause (G1 Evacuation Pause) (young), 0.0389719 secs]
   [Parallel Time: 34.0 ms, GC Workers: 4]
      [GC Worker Start (ms): Min: 631873.2, Avg: 631873.4, Max: 631874.1, Diff: 0.9]
      [Ext Root Scanning (ms): Min: 1.6, Avg: 7.3, Max: 23.9, Diff: 22.4, Sum: 29.1]
      [Update RS (ms): Min: 0.0, Avg: 7.9, Max: 21.0, Diff: 21.0, Sum: 31.4]
         [Processed Buffers: Min: 0, Avg: 0.8, Max: 2, Diff: 2, Sum: 3]
      [Scan RS (ms): Min: 0.0, Avg: 0.0, Max: 0.0, Diff: 0.0, Sum: 0.1]
      [Code Root Scanning (ms): Min: 0.0, Avg: 3.0, Max: 12.0, Diff: 12.0, Sum: 12.1]
      [Object Copy (ms): Min: 10.0, Avg: 15.4, Max: 21.4, Diff: 11.4, Sum: 61.7]
      [Termination (ms): Min: 0.0, Avg: 0.1, Max: 0.1, Diff: 0.1, Sum: 0.3]
         [Termination Attempts: Min: 1, Avg: 4.8, Max: 7, Diff: 6, Sum: 19]
      [GC Worker Other (ms): Min: 0.0, Avg: 0.0, Max: 0.0, Diff: 0.0, Sum: 0.1]
      [GC Worker Total (ms): Min: 33.1, Avg: 33.7, Max: 33.9, Diff: 0.9, Sum: 134.8]
      [GC Worker End (ms): Min: 631907.1, Avg: 631907.1, Max: 631907.1, Diff: 0.0]
   [Code Root Fixup: 0.8 ms]
   [Code Root Purge: 0.0 ms]
   [Clear CT: 0.1 ms]
   [Other: 4.1 ms]
      [Choose CSet: 0.0 ms]
      [Ref Proc: 1.3 ms]
      [Ref Enq: 0.0 ms]
      [Redirty Cards: 0.1 ms]
      [Humongous Register: 1.9 ms]
      [Humongous Reclaim: 0.0 ms]
      [Free CSet: 0.4 ms]
   [Eden: 44.0M(44.0M)->0.0B(46.0M) Survivors: 7168.0K->5120.0K Heap: 180.6M(1024.0M)->136.8M(1024.0M)]
 [Times: user=0.04 sys=0.03, real=0.04 secs] 
2017-01-21T21:44:23.416+0500: 1534.943: [GC pause (G1 Evacuation Pause) (young), 0.0090137 secs]
   [Parallel Time: 8.1 ms, GC Workers: 4]
      [GC Worker Start (ms): Min: 1534942.8, Avg: 1534942.8, Max: 1534942.8, Diff: 0.0]
      [Ext Root Scanning (ms): Min: 0.6, Avg: 1.0, Max: 1.9, Diff: 1.3, Sum: 4.1]
      [Update RS (ms): Min: 0.0, Avg: 0.8, Max: 1.6, Diff: 1.6, Sum: 3.2]
         [Processed Buffers: Min: 0, Avg: 3.8, Max: 12, Diff: 12, Sum: 15]
      [Scan RS (ms): Min: 1.7, Avg: 2.1, Max: 2.9, Diff: 1.1, Sum: 8.4]
      [Code Root Scanning (ms): Min: 0.0, Avg: 0.5, Max: 1.0, Diff: 1.0, Sum: 2.1]
      [Object Copy (ms): Min: 3.0, Avg: 3.5, Max: 3.9, Diff: 1.0, Sum: 13.9]
      [Termination (ms): Min: 0.0, Avg: 0.0, Max: 0.0, Diff: 0.0, Sum: 0.0]
         [Termination Attempts: Min: 1, Avg: 1.0, Max: 1, Diff: 0, Sum: 4]
      [GC Worker Other (ms): Min: 0.0, Avg: 0.0, Max: 0.1, Diff: 0.0, Sum: 0.1]
      [GC Worker Total (ms): Min: 7.9, Avg: 8.0, Max: 8.0, Diff: 0.1, Sum: 31.8]
      [GC Worker End (ms): Min: 1534950.8, Avg: 1534950.8, Max: 1534950.8, Diff: 0.0]
   [Code Root Fixup: 0.2 ms]
   [Code Root Purge: 0.0 ms]
   [Clear CT: 0.1 ms]
   [Other: 0.7 ms]
      [Choose CSet: 0.0 ms]
      [Ref Proc: 0.3 ms]
      [Ref Enq: 0.0 ms]
      [Redirty Cards: 0.1 ms]
      [Humongous Register: 0.0 ms]
      [Humongous Reclaim: 0.0 ms]
      [Free CSet: 0.1 ms]
   [Eden: 46.0M(46.0M)->0.0B(47.0M) Survivors: 5120.0K->4096.0K Heap: 182.8M(1024.0M)->136.3M(1024.0M)]
 [Times: user=0.01 sys=0.00, real=0.01 secs] 
2017-01-21T22:01:04.566+0500: 2536.063: [GC pause (G1 Evacuation Pause) (young), 0.0065946 secs]
   [Parallel Time: 5.4 ms, GC Workers: 4]
      [GC Worker Start (ms): Min: 2536063.5, Avg: 2536063.6, Max: 2536063.7, Diff: 0.2]
      [Ext Root Scanning (ms): Min: 0.5, Avg: 0.7, Max: 1.0, Diff: 0.5, Sum: 2.6]
      [Update RS (ms): Min: 0.0, Avg: 0.2, Max: 0.3, Diff: 0.3, Sum: 0.8]
         [Processed Buffers: Min: 1, Avg: 2.2, Max: 5, Diff: 4, Sum: 9]
      [Scan RS (ms): Min: 0.1, Avg: 0.2, Max: 0.3, Diff: 0.2, Sum: 0.7]
      [Code Root Scanning (ms): Min: 0.0, Avg: 0.5, Max: 1.3, Diff: 1.3, Sum: 2.0]
      [Object Copy (ms): Min: 3.1, Avg: 3.6, Max: 4.0, Diff: 0.9, Sum: 14.4]
      [Termination (ms): Min: 0.0, Avg: 0.1, Max: 0.2, Diff: 0.2, Sum: 0.4]
         [Termination Attempts: Min: 1, Avg: 1.2, Max: 2, Diff: 1, Sum: 5]
      [GC Worker Other (ms): Min: 0.0, Avg: 0.0, Max: 0.0, Diff: 0.0, Sum: 0.1]
      [GC Worker Total (ms): Min: 5.1, Avg: 5.3, Max: 5.4, Diff: 0.2, Sum: 21.0]
      [GC Worker End (ms): Min: 2536068.8, Avg: 2536068.8, Max: 2536068.8, Diff: 0.0]
   [Code Root Fixup: 0.3 ms]
   [Code Root Purge: 0.0 ms]
   [Clear CT: 0.1 ms]
   [Other: 0.7 ms]
      [Choose CSet: 0.0 ms]
      [Ref Proc: 0.3 ms]
      [Ref Enq: 0.0 ms]
      [Redirty Cards: 0.1 ms]
      [Humongous Register: 0.1 ms]
      [Humongous Reclaim: 0.0 ms]
      [Free CSet: 0.1 ms]
   [Eden: 47.0M(47.0M)->0.0B(47.0M) Survivors: 4096.0K->4096.0K Heap: 183.3M(1024.0M)->136.2M(1024.0M)]
 [Times: user=0.02 sys=0.00, real=0.01 secs] 
2017-01-21T22:18:15.716+0500: 3567.182: [GC pause (G1 Evacuation Pause) (young), 0.0077920 secs]
   [Parallel Time: 6.6 ms, GC Workers: 4]
      [GC Worker Start (ms): Min: 3567181.8, Avg: 3567181.8, Max: 3567181.9, Diff: 0.1]
      [Ext Root Scanning (ms): Min: 0.6, Avg: 0.8, Max: 1.2, Diff: 0.7, Sum: 3.2]
      [Update RS (ms): Min: 0.0, Avg: 0.4, Max: 0.7, Diff: 0.7, Sum: 1.6]
         [Processed Buffers: Min: 0, Avg: 2.8, Max: 8, Diff: 8, Sum: 11]
      [Scan RS (ms): Min: 0.0, Avg: 0.0, Max: 0.0, Diff: 0.0, Sum: 0.1]
      [Code Root Scanning (ms): Min: 0.0, Avg: 1.0, Max: 2.6, Diff: 2.6, Sum: 4.0]
      [Object Copy (ms): Min: 2.5, Avg: 4.1, Max: 5.1, Diff: 2.6, Sum: 16.4]
      [Termination (ms): Min: 0.0, Avg: 0.1, Max: 0.2, Diff: 0.2, Sum: 0.5]
         [Termination Attempts: Min: 1, Avg: 1.0, Max: 1, Diff: 0, Sum: 4]
      [GC Worker Other (ms): Min: 0.0, Avg: 0.0, Max: 0.0, Diff: 0.0, Sum: 0.1]
      [GC Worker Total (ms): Min: 6.4, Avg: 6.5, Max: 6.5, Diff: 0.1, Sum: 25.8]
      [GC Worker End (ms): Min: 3567188.3, Avg: 3567188.3, Max: 3567188.3, Diff: 0.0]
   [Code Root Fixup: 0.3 ms]
   [Code Root Purge: 0.0 ms]
   [Clear CT: 0.1 ms]
   [Other: 0.8 ms]
      [Choose CSet: 0.0 ms]
      [Ref Proc: 0.4 ms]
      [Ref Enq: 0.0 ms]
      [Redirty Cards: 0.1 ms]
      [Humongous Register: 0.0 ms]
      [Humongous Reclaim: 0.0 ms]
      [Free CSet: 0.1 ms]
   [Eden: 47.0M(47.0M)->0.0B(47.0M) Survivors: 4096.0K->4096.0K Heap: 183.2M(1024.0M)->136.1M(1024.0M)]
 [Times: user=0.02 sys=0.00, real=0.01 secs] 
2017-01-21T22:35:26.893+0500: 4598.328: [GC pause (G1 Evacuation Pause) (young), 0.0087862 secs]
   [Parallel Time: 7.4 ms, GC Workers: 4]
      [GC Worker Start (ms): Min: 4598328.1, Avg: 4598328.2, Max: 4598328.2, Diff: 0.1]
      [Ext Root Scanning (ms): Min: 0.6, Avg: 0.8, Max: 1.2, Diff: 0.6, Sum: 3.1]
      [Update RS (ms): Min: 0.0, Avg: 0.4, Max: 0.7, Diff: 0.7, Sum: 1.5]
         [Processed Buffers: Min: 0, Avg: 2.8, Max: 9, Diff: 9, Sum: 11]
      [Scan RS (ms): Min: 0.0, Avg: 0.0, Max: 0.0, Diff: 0.0, Sum: 0.1]
      [Code Root Scanning (ms): Min: 0.0, Avg: 0.7, Max: 1.4, Diff: 1.4, Sum: 2.8]
      [Object Copy (ms): Min: 4.4, Avg: 5.1, Max: 5.9, Diff: 1.5, Sum: 20.5]
      [Termination (ms): Min: 0.0, Avg: 0.1, Max: 0.3, Diff: 0.3, Sum: 0.5]
         [Termination Attempts: Min: 1, Avg: 1.0, Max: 1, Diff: 0, Sum: 4]
      [GC Worker Other (ms): Min: 0.0, Avg: 0.0, Max: 0.1, Diff: 0.0, Sum: 0.1]
      [GC Worker Total (ms): Min: 7.1, Avg: 7.2, Max: 7.2, Diff: 0.1, Sum: 28.6]
      [GC Worker End (ms): Min: 4598335.3, Avg: 4598335.3, Max: 4598335.4, Diff: 0.1]
   [Code Root Fixup: 0.6 ms]
   [Code Root Purge: 0.0 ms]
   [Clear CT: 0.1 ms]
   [Other: 0.7 ms]
      [Choose CSet: 0.0 ms]
      [Ref Proc: 0.3 ms]
      [Ref Enq: 0.0 ms]
      [Redirty Cards: 0.1 ms]
      [Humongous Register: 0.0 ms]
      [Humongous Reclaim: 0.0 ms]
      [Free CSet: 0.1 ms]
   [Eden: 47.0M(47.0M)->0.0B(47.0M) Survivors: 4096.0K->4096.0K Heap: 183.1M(1024.0M)->136.0M(1024.0M)]
 [Times: user=0.03 sys=0.01, real=0.01 secs] 
2017-01-21T22:52:34.157+0500: 5625.562: [GC pause (G1 Evacuation Pause) (young), 0.0085804 secs]
   [Parallel Time: 7.1 ms, GC Workers: 4]
      [GC Worker Start (ms): Min: 5625562.0, Avg: 5625562.0, Max: 5625562.0, Diff: 0.1]
      [Ext Root Scanning (ms): Min: 0.6, Avg: 0.8, Max: 1.3, Diff: 0.7, Sum: 3.1]
      [Update RS (ms): Min: 0.0, Avg: 0.4, Max: 0.7, Diff: 0.7, Sum: 1.5]
         [Processed Buffers: Min: 0, Avg: 2.5, Max: 8, Diff: 8, Sum: 10]
      [Scan RS (ms): Min: 0.0, Avg: 0.0, Max: 0.0, Diff: 0.0, Sum: 0.1]
      [Code Root Scanning (ms): Min: 0.0, Avg: 0.9, Max: 1.8, Diff: 1.8, Sum: 3.5]
      [Object Copy (ms): Min: 3.4, Avg: 4.6, Max: 5.7, Diff: 2.3, Sum: 18.2]
      [Termination (ms): Min: 0.0, Avg: 0.3, Max: 0.4, Diff: 0.4, Sum: 1.1]
         [Termination Attempts: Min: 1, Avg: 1.0, Max: 1, Diff: 0, Sum: 4]
      [GC Worker Other (ms): Min: 0.0, Avg: 0.0, Max: 0.0, Diff: 0.0, Sum: 0.1]
      [GC Worker Total (ms): Min: 6.9, Avg: 6.9, Max: 7.0, Diff: 0.1, Sum: 27.7]
      [GC Worker End (ms): Min: 5625568.9, Avg: 5625568.9, Max: 5625569.0, Diff: 0.1]
   [Code Root Fixup: 0.4 ms]
   [Code Root Purge: 0.0 ms]
   [Clear CT: 0.1 ms]
   [Other: 1.0 ms]
      [Choose CSet: 0.0 ms]
      [Ref Proc: 0.6 ms]
      [Ref Enq: 0.0 ms]
      [Redirty Cards: 0.1 ms]
      [Humongous Register: 0.0 ms]
      [Humongous Reclaim: 0.0 ms]
      [Free CSet: 0.1 ms]
   [Eden: 47.0M(47.0M)->0.0B(56.0M) Survivors: 4096.0K->4096.0K Heap: 183.0M(1024.0M)->136.0M(1024.0M)]
 [Times: user=0.02 sys=0.00, real=0.01 secs] 
2017-01-21T23:13:08.146+0500: 6859.514: [GC pause (G1 Evacuation Pause) (young), 0.0080491 secs]
   [Parallel Time: 6.7 ms, GC Workers: 4]
      [GC Worker Start (ms): Min: 6859514.0, Avg: 6859514.3, Max: 6859515.2, Diff: 1.1]
      [Ext Root Scanning (ms): Min: 0.0, Avg: 0.7, Max: 1.2, Diff: 1.2, Sum: 2.8]
      [Update RS (ms): Min: 0.1, Avg: 0.3, Max: 0.5, Diff: 0.4, Sum: 1.1]
         [Processed Buffers: Min: 1, Avg: 2.5, Max: 7, Diff: 6, Sum: 10]
      [Scan RS (ms): Min: 0.0, Avg: 0.0, Max: 0.0, Diff: 0.0, Sum: 0.1]
      [Code Root Scanning (ms): Min: 0.0, Avg: 0.6, Max: 1.3, Diff: 1.3, Sum: 2.4]
      [Object Copy (ms): Min: 4.2, Avg: 4.7, Max: 5.2, Diff: 1.0, Sum: 18.8]
      [Termination (ms): Min: 0.0, Avg: 0.0, Max: 0.0, Diff: 0.0, Sum: 0.1]
         [Termination Attempts: Min: 1, Avg: 1.0, Max: 1, Diff: 0, Sum: 4]
      [GC Worker Other (ms): Min: 0.0, Avg: 0.0, Max: 0.1, Diff: 0.1, Sum: 0.2]
      [GC Worker Total (ms): Min: 5.5, Avg: 6.4, Max: 6.7, Diff: 1.1, Sum: 25.5]
      [GC Worker End (ms): Min: 6859520.7, Avg: 6859520.7, Max: 6859520.7, Diff: 0.0]
   [Code Root Fixup: 0.3 ms]
   [Code Root Purge: 0.0 ms]
   [Clear CT: 0.1 ms]
   [Other: 0.9 ms]
      [Choose CSet: 0.0 ms]
      [Ref Proc: 0.5 ms]
      [Ref Enq: 0.0 ms]
      [Redirty Cards: 0.0 ms]
      [Humongous Register: 0.0 ms]
      [Humongous Reclaim: 0.0 ms]
      [Free CSet: 0.1 ms]
   [Eden: 56.0M(56.0M)->0.0B(223.0M) Survivors: 4096.0K->4096.0K Heap: 192.0M(1024.0M)->135.8M(1024.0M)]
 [Times: user=0.01 sys=0.01, real=0.01 secs] 
2017-01-22T00:37:54.105+0500: 11945.320: [GC pause (G1 Evacuation Pause) (young), 0.0219132 secs]
   [Parallel Time: 16.8 ms, GC Workers: 4]
      [GC Worker Start (ms): Min: 11945322.2, Avg: 11945322.3, Max: 11945322.4, Diff: 0.2]
      [Ext Root Scanning (ms): Min: 1.6, Avg: 2.6, Max: 5.6, Diff: 4.0, Sum: 10.6]
      [Update RS (ms): Min: 0.0, Avg: 1.0, Max: 2.0, Diff: 2.0, Sum: 4.1]
         [Processed Buffers: Min: 0, Avg: 2.8, Max: 8, Diff: 8, Sum: 11]
      [Scan RS (ms): Min: 0.0, Avg: 0.0, Max: 0.1, Diff: 0.1, Sum: 0.2]
      [Code Root Scanning (ms): Min: 0.0, Avg: 0.9, Max: 3.5, Diff: 3.5, Sum: 3.5]
      [Object Copy (ms): Min: 9.5, Avg: 11.2, Max: 13.0, Diff: 3.5, Sum: 44.9]
      [Termination (ms): Min: 0.4, Avg: 0.8, Max: 1.2, Diff: 0.8, Sum: 3.1]
         [Termination Attempts: Min: 16, Avg: 32.8, Max: 52, Diff: 36, Sum: 131]
      [GC Worker Other (ms): Min: 0.0, Avg: 0.0, Max: 0.1, Diff: 0.0, Sum: 0.2]
      [GC Worker Total (ms): Min: 16.5, Avg: 16.6, Max: 16.7, Diff: 0.2, Sum: 66.5]
      [GC Worker End (ms): Min: 11945338.9, Avg: 11945339.0, Max: 11945339.0, Diff: 0.0]
   [Code Root Fixup: 0.3 ms]
   [Code Root Purge: 0.0 ms]
   [Clear CT: 0.3 ms]
   [Other: 4.4 ms]
      [Choose CSet: 0.0 ms]
      [Ref Proc: 1.0 ms]
      [Ref Enq: 0.0 ms]
      [Redirty Cards: 0.1 ms]
      [Humongous Register: 1.9 ms]
      [Humongous Reclaim: 0.0 ms]
      [Free CSet: 0.9 ms]
   [Eden: 223.0M(223.0M)->0.0B(175.0M) Survivors: 4096.0K->5120.0K Heap: 358.8M(1024.0M)->136.7M(1024.0M)]
 [Times: user=0.02 sys=0.03, real=0.03 secs] 
2017-01-22T01:54:27.980+0500: 16539.054: [GC pause (G1 Evacuation Pause) (young), 0.0330637 secs]
   [Parallel Time: 27.9 ms, GC Workers: 4]
      [GC Worker Start (ms): Min: 16539057.1, Avg: 16539057.3, Max: 16539057.4, Diff: 0.3]
      [Ext Root Scanning (ms): Min: 4.6, Avg: 6.2, Max: 10.7, Diff: 6.1, Sum: 24.7]
      [Update RS (ms): Min: 0.0, Avg: 1.9, Max: 2.9, Diff: 2.9, Sum: 7.8]
         [Processed Buffers: Min: 0, Avg: 2.8, Max: 9, Diff: 9, Sum: 11]
      [Scan RS (ms): Min: 0.0, Avg: 0.0, Max: 0.1, Diff: 0.1, Sum: 0.2]
      [Code Root Scanning (ms): Min: 0.0, Avg: 1.7, Max: 4.1, Diff: 4.1, Sum: 6.7]
      [Object Copy (ms): Min: 12.4, Avg: 14.5, Max: 16.7, Diff: 4.3, Sum: 57.9]
      [Termination (ms): Min: 2.3, Avg: 3.1, Max: 3.7, Diff: 1.4, Sum: 12.5]
         [Termination Attempts: Min: 82, Avg: 116.2, Max: 171, Diff: 89, Sum: 465]
      [GC Worker Other (ms): Min: 0.1, Avg: 0.1, Max: 0.1, Diff: 0.1, Sum: 0.4]
      [GC Worker Total (ms): Min: 27.4, Avg: 27.5, Max: 27.7, Diff: 0.4, Sum: 110.1]
      [GC Worker End (ms): Min: 16539084.8, Avg: 16539084.8, Max: 16539084.9, Diff: 0.1]
   [Code Root Fixup: 0.3 ms]
   [Code Root Purge: 0.0 ms]
   [Clear CT: 0.3 ms]
   [Other: 4.5 ms]
      [Choose CSet: 0.0 ms]
      [Ref Proc: 0.8 ms]
      [Ref Enq: 0.0 ms]
      [Redirty Cards: 0.1 ms]
      [Humongous Register: 2.5 ms]
      [Humongous Reclaim: 0.0 ms]
      [Free CSet: 0.4 ms]
   [Eden: 175.0M(175.0M)->0.0B(46.0M) Survivors: 5120.0K->5120.0K Heap: 311.7M(1024.0M)->137.3M(1024.0M)]
 [Times: user=0.04 sys=0.06, real=0.03 secs] 
2017-01-22T02:16:12.214+0500: 17843.248: [GC pause (G1 Evacuation Pause) (young), 0.0124179 secs]
   [Parallel Time: 11.3 ms, GC Workers: 4]
      [GC Worker Start (ms): Min: 17843248.6, Avg: 17843248.7, Max: 17843249.0, Diff: 0.4]
      [Ext Root Scanning (ms): Min: 0.4, Avg: 0.9, Max: 2.0, Diff: 1.5, Sum: 3.8]
      [Update RS (ms): Min: 0.0, Avg: 0.6, Max: 1.0, Diff: 1.0, Sum: 2.2]
         [Processed Buffers: Min: 0, Avg: 2.5, Max: 8, Diff: 8, Sum: 10]
      [Scan RS (ms): Min: 0.0, Avg: 0.0, Max: 0.0, Diff: 0.0, Sum: 0.1]
      [Code Root Scanning (ms): Min: 0.0, Avg: 1.0, Max: 1.9, Diff: 1.9, Sum: 3.8]
      [Object Copy (ms): Min: 7.8, Avg: 8.5, Max: 9.2, Diff: 1.5, Sum: 34.1]
      [Termination (ms): Min: 0.0, Avg: 0.1, Max: 0.1, Diff: 0.1, Sum: 0.3]
         [Termination Attempts: Min: 1, Avg: 1.0, Max: 1, Diff: 0, Sum: 4]
      [GC Worker Other (ms): Min: 0.0, Avg: 0.0, Max: 0.0, Diff: 0.0, Sum: 0.1]
      [GC Worker Total (ms): Min: 10.9, Avg: 11.1, Max: 11.2, Diff: 0.4, Sum: 44.4]
      [GC Worker End (ms): Min: 17843259.8, Avg: 17843259.9, Max: 17843259.9, Diff: 0.0]
   [Code Root Fixup: 0.3 ms]
   [Code Root Purge: 0.0 ms]
   [Clear CT: 0.1 ms]
   [Other: 0.7 ms]
      [Choose CSet: 0.0 ms]
      [Ref Proc: 0.3 ms]
      [Ref Enq: 0.0 ms]
      [Redirty Cards: 0.1 ms]
      [Humongous Register: 0.0 ms]
      [Humongous Reclaim: 0.0 ms]
      [Free CSet: 0.1 ms]
   [Eden: 46.0M(46.0M)->0.0B(125.0M) Survivors: 5120.0K->6144.0K Heap: 183.3M(1024.0M)->137.6M(1024.0M)]
 [Times: user=0.03 sys=0.01, real=0.01 secs] 
2017-01-22T03:17:59.641+0500: 21550.562: [GC pause (G1 Evacuation Pause) (young), 0.0134191 secs]
   [Parallel Time: 11.7 ms, GC Workers: 4]
      [GC Worker Start (ms): Min: 21550562.0, Avg: 21550562.2, Max: 21550562.4, Diff: 0.4]
      [Ext Root Scanning (ms): Min: 0.5, Avg: 1.0, Max: 2.0, Diff: 1.5, Sum: 3.9]
      [Update RS (ms): Min: 0.0, Avg: 0.4, Max: 0.6, Diff: 0.6, Sum: 1.6]
         [Processed Buffers: Min: 0, Avg: 2.2, Max: 6, Diff: 6, Sum: 9]
      [Scan RS (ms): Min: 0.0, Avg: 0.0, Max: 0.1, Diff: 0.1, Sum: 0.2]
      [Code Root Scanning (ms): Min: 0.0, Avg: 1.0, Max: 2.0, Diff: 2.0, Sum: 4.1]
      [Object Copy (ms): Min: 8.1, Avg: 9.0, Max: 10.1, Diff: 2.0, Sum: 36.1]
      [Termination (ms): Min: 0.0, Avg: 0.0, Max: 0.0, Diff: 0.0, Sum: 0.0]
         [Termination Attempts: Min: 1, Avg: 1.2, Max: 2, Diff: 1, Sum: 5]
      [GC Worker Other (ms): Min: 0.0, Avg: 0.0, Max: 0.1, Diff: 0.0, Sum: 0.2]
      [GC Worker Total (ms): Min: 11.2, Avg: 11.5, Max: 11.7, Diff: 0.4, Sum: 46.1]
      [GC Worker End (ms): Min: 21550573.7, Avg: 21550573.7, Max: 21550573.7, Diff: 0.0]
   [Code Root Fixup: 0.4 ms]
   [Code Root Purge: 0.0 ms]
   [Clear CT: 0.1 ms]
   [Other: 1.3 ms]
      [Choose CSet: 0.0 ms]
      [Ref Proc: 0.8 ms]
      [Ref Enq: 0.0 ms]
      [Redirty Cards: 0.1 ms]
      [Humongous Register: 0.1 ms]
      [Humongous Reclaim: 0.0 ms]
      [Free CSet: 0.1 ms]
   [Eden: 125.0M(125.0M)->0.0B(345.0M) Survivors: 6144.0K->4096.0K Heap: 262.6M(1024.0M)->136.1M(1024.0M)]
 [Times: user=0.03 sys=0.01, real=0.01 secs] 
Heap
 garbage-first heap   total 1048576K, used 158819K [0x0000000780000000, 0x0000000780102000, 0x00000007c0000000)
  region size 1024K, 24 young (24576K), 4 survivors (4096K)
 Metaspace       used 23470K, capacity 23636K, committed 23936K, reserved 1069056K
  class space    used 3305K, capacity 3360K, committed 3456K, reserved 1048576K
